- table:
    schema: public
    name: class
  object_relationships:
  - name: course
    using:
      foreign_key_constraint_on: course_id
  - name: location
    using:
      foreign_key_constraint_on: location_id
  select_permissions:
  - role: USER_GROUP_ADMIN
    permission:
      columns:
      - class_id
      - course_id
      - location_id
      - name
      filter:
        _and:
        - deleted_at:
            _is_null: true
        - resource_path:
            _eq: X-Hasura-Resource-Path
      allow_aggregations: true
  - role: USER_GROUP_TEACHER
    permission:
      columns:
      - class_id
      - course_id
      - location_id
      - name
      filter: {}
      allow_aggregations: true
  - role: MANABIE
    permission:
      columns:
      - class_id
      - course_id
      - location_id
      - name
      filter:
        _and:
        - deleted_at:
            _is_null: true
        - resource_path:
            _eq: X-Hasura-Resource-Path
      allow_aggregations: true
- table:
    schema: public
    name: lessons
  object_relationships:
  - name: course
    using:
      manual_configuration:
        remote_table:
          schema: public
          name: courses
        column_mapping:
          course_id: course_id
  - name: preset_study_plans_weekly
    using:
      manual_configuration:
        remote_table:
          schema: public
          name: preset_study_plans_weekly
        column_mapping:
          lesson_id: lesson_id
  - name: preset_study_plan_weekly_format
    using:
      manual_configuration:
        remote_table:
          schema: public
          name: preset_study_plans_weekly_format
        column_mapping:
          lesson_id: lesson_id
  - name: users
    using:
      manual_configuration:
        remote_table:
          schema: public
          name: users
        column_mapping:
          teacher_id: user_id
  array_relationships:
  - name: courses_classes
    using:
      manual_configuration:
        remote_table:
          schema: public
          name: courses_classes
        column_mapping:
          course_id: course_id
  - name: lesson_members
    using:
      foreign_key_constraint_on:
        column: lesson_id
        table:
          schema: public
          name: lesson_members
  - name: lesson_reports
    using:
      foreign_key_constraint_on:
        column: lesson_id
        table:
          schema: public
          name: lesson_reports
  - name: lessons_courses
    using:
      foreign_key_constraint_on:
        column: lesson_id
        table:
          schema: public
          name: lessons_courses
  - name: lessons_teachers
    using:
      foreign_key_constraint_on:
        column: lesson_id
        table:
          schema: public
          name: lessons_teachers
  select_permissions:
  - role: USER_GROUP_ADMIN
    permission:
      columns:
      - center_id
      - class_id
      - control_settings
      - course_id
      - created_at
      - deleted_at
      - end_at
      - end_time
      - lesson_group_id
      - lesson_id
      - lesson_type
      - name
      - room_id
      - scheduling_status
      - start_time
      - status
      - teacher_id
      - teaching_medium
      - teaching_method
      - teaching_model
      - updated_at
      filter:
        deleted_at:
          _is_null: true
      allow_aggregations: true
  - role: MANABIE
    permission:
      columns:
      - center_id
      - class_id
      - control_settings
      - course_id
      - created_at
      - deleted_at
      - end_at
      - end_time
      - lesson_group_id
      - lesson_id
      - lesson_type
      - name
      - room_id
      - scheduling_status
      - start_time
      - status
      - teacher_id
      - teaching_medium
      - teaching_method
      - teaching_model
      - updated_at
      filter:
        _and:
        - deleted_at:
            _is_null: true
      allow_aggregations: true
- table:
    schema: public
    name: granted_permissions
  select_permissions:
  - role: MANABIE
    permission:
      columns:
      - user_id
      - permission_name
      - location_id
      - resource_path
      filter:
        _and:
        - user_id:
            _eq: X-Hasura-User-Id
        - resource_path:
            _eq: X-Hasura-Resource-Path
- table:
    schema: public
    name: course
  object_relationships:
  - name: location
    using:
      foreign_key_constraint_on: location_id
  select_permissions:
  - role: USER_GROUP_ADMIN
    permission:
      columns:
      - class_id
      - course_id
      - location_id
      - name
      filter: {}
      allow_aggregations: true
  - role: MANABIE
    permission:
      columns:
      - class_id
      - course_id
      - location_id
      - name
      filter: {}
      allow_aggregations: true
